cargo : warning: unused import: `post`
所在位置 行:1 字符: 1
+ cargo test 1>test_output.txt 2>&1 ; Get-Content test_output.txt | Sel ...
+ ~~~~~~~~~~~~~~~~~~~~~~~~~~~~~~~~~
    + CategoryInfo          : NotSpecified: (warning: unused import: `post`:St 
   ring) [], RemoteException
    + FullyQualifiedErrorId : NativeCommandError
 
  --> src\api.rs:10:20
   |
10 |     routing::{get, post},
   |                    ^^^^
   |
   = note: `#[warn(unused_imports)]` (part of `#[warn(unused)]`) on by default

warning: variable does not need to be mutable
   --> src\storage.rs:198:13
    |
198 |         let mut trebuchets = vec![
    |             ----^^^^^^^^^^
    |             |
    |             help: remove this `mut`
    |
    = note: `#[warn(unused_mut)]` (part of `#[warn(unused)]`) on by default

warning: value assigned to `max_mach` is never read
   --> src\ballistics.rs:266:24
    |
266 |     let mut max_mach = 0.0;
    |                        ^^^ this value is reassigned later and never used
...
285 |     max_mach = initial_mach;
    |     ----------------------- `max_mach` is overwritten here before the pre
vious value is read
    |
    = note: `#[warn(unused_assignments)]` (part of `#[warn(unused)]`) on by def
ault

warning: unused variable: `projectile_radius`
  --> src\siege.rs:32:9
   |
32 |     let projectile_radius = input.projectile_diameter_m / 2.0;
   |         ^^^^^^^^^^^^^^^^^ help: if this is intentional, prefix it with an 
underscore: `_projectile_radius`
   |
   = note: `#[warn(unused_variables)]` (part of `#[warn(unused)]`) on by defaul
t

warning: type `BufferLimits` is more private than the item `StorageLimitsRef::0
`
   --> src\storage.rs:101:29
    |
101 | pub struct StorageLimitsRef(pub BufferLimits);
    |                             ^^^^^^^^^^^^^^^^ field `StorageLimitsRef::0` 
is reachable at visibility `pub(crate)`
    |
note: but type `BufferLimits` is only usable at visibility `pub(self)`
   --> src\storage.rs:84:1
    |
 84 | struct BufferLimits {
    | ^^^^^^^^^^^^^^^^^^^
    = note: `#[warn(private_interfaces)]` on by default

warning: type `BallisticsRecord` is more private than the item `Database::get_r
ecent_ballistics`
   --> src\storage.rs:403:5
    |
403 |     pub async fn get_recent_ballistics(&self, trebuchet_id: u32, limit: u
size) -> Vec<BallisticsRecord> {
    |     ^^^^^^^^^^^^^^^^^^^^^^^^^^^^^^^^^^^^^^^^^^^^^^^^^^^^^^^^^^^^^^^^^^^^^
^^^^^^^^^^^^^^^^^^^^^^^^^^^^^^ method `Database::get_recent_ballistics` is reac
hable at visibility `pub(crate)`
    |
note: but type `BallisticsRecord` is only usable at visibility `pub(self)`
   --> src\storage.rs:53:1
    |
 53 | struct BallisticsRecord {
    | ^^^^^^^^^^^^^^^^^^^^^^^

warning: type `SiegeRecord` is more private than the item `Database::get_recent
_siege`
   --> src\storage.rs:414:5
    |
414 |     pub async fn get_recent_siege(&self, trebuchet_id: u32, limit: usize)
 -> Vec<SiegeRecord> {
    |     ^^^^^^^^^^^^^^^^^^^^^^^^^^^^^^^^^^^^^^^^^^^^^^^^^^^^^^^^^^^^^^^^^^^^^
^^^^^^^^^^^^^^^^^^^^ method `Database::get_recent_siege` is reachable at visibi
lity `pub(crate)`
    |
note: but type `SiegeRecord` is only usable at visibility `pub(self)`
   --> src\storage.rs:67:1
    |
 67 | struct SiegeRecord {
    | ^^^^^^^^^^^^^^^^^^

warning: fields `sensor`, `ballistics`, and `siege` are never read
  --> src\storage.rs:85:5
   |
84 | struct BufferLimits {
   |        ------------ fields in this struct
85 |     sensor: usize,
   |     ^^^^^^
86 |     ballistics: usize,
   |     ^^^^^^^^^^
87 |     siege: usize,
   |     ^^^^^
   |
   = note: `BufferLimits` has derived impls for the traits `Clone` and `Debug`,
 but these are intentionally ignored during dead code analysis
   = note: `#[warn(dead_code)]` (part of `#[warn(unused)]`) on by default

warning: struct `StorageLimitsRef` is never constructed
   --> src\storage.rs:101:12
    |
101 | pub struct StorageLimitsRef(pub BufferLimits);
    |            ^^^^^^^^^^^^^^^^

warning: associated items `new`, `get_wall_by_id`, `get_recent_ballistics`, `ge
t_recent_siege`, and `get_all_sensor_data` are never used
   --> src\storage.rs:104:12
    |
103 | impl Database {
    | ------------- associated items in this implementation
104 |     pub fn new() -> Self {
    |            ^^^
...
188 |     pub async fn get_wall_by_id(&self, id: u32) -> Option<WallType> {
    |                  ^^^^^^^^^^^^^^
...
403 |     pub async fn get_recent_ballistics(&self, trebuchet_id: u32, limit: u
size) -> Vec<BallisticsRecord> {
    |                  ^^^^^^^^^^^^^^^^^^^^^
...
414 |     pub async fn get_recent_siege(&self, trebuchet_id: u32, limit: usize)
 -> Vec<SiegeRecord> {
    |                  ^^^^^^^^^^^^^^^^
...
425 |     pub async fn get_all_sensor_data(&self) -> Vec<SensorData> {
    |                  ^^^^^^^^^^^^^^^^^^^

warning: field `source_addr` is never read
  --> src\udp_receiver.rs:25:9
   |
24 | pub struct SensorEnvelope {
   |            -------------- field in this struct
25 |     pub source_addr: SocketAddr,
   |         ^^^^^^^^^^^
   |
   = note: `SensorEnvelope` has derived impls for the traits `Clone` and `Debug
`, but these are intentionally ignored during dead code analysis

warning: function `build_frame` is never used
   --> src\udp_receiver.rs:169:8
    |
169 | pub fn build_frame(payload: &[u8], seq_num: u32, config: &UdpConfig) -> V
ec<u8> {
    |        ^^^^^^^^^^^

warning: associated constant `MATERIAL` is never used
   --> src\siege_evaluator.rs:160:11
    |
158 | impl DefaultWall {
    | ---------------- associated constant in this implementation
159 |     const THICKNESS: f64 = 3.0;
160 |     const MATERIAL: &'static str = "rammed_earth";
    |           ^^^^^^^^

warning: method `clone` is never used
   --> src\siege_evaluator.rs:183:8
    |
182 | impl DefaultWallStruct {
    | ---------------------- method in this implementation
183 |     fn clone(&self) -> WallProperties {
    |        ^^^^^

warning: function `build_frame` is never used
   --> src\udp_server.rs:162:8
    |
162 | pub fn build_frame(payload: &[u8], seq_num: u32) -> Vec<u8> {
    |        ^^^^^^^^^^^

warning: `siege-sim-backend` (bin "siege-sim-backend" test) generated 15 warnin
gs (run `cargo fix --bin "siege-sim-backend" -p siege-sim-backend --tests` to a
pply 3 suggestions)
    Finished `test` profile [unoptimized + debuginfo] target(s) in 0.10s
     Running unittests src\main.rs (target\debug\deps\siege_sim_backend-a70b83c
2a6253ccf.exe)

running 5 tests
test ballistics::tests::test_diameter_calculation ... ok
test siege::tests::test_siege_assessment ... ok
test siege::tests::test_optimize_parameters ... ok
test ballistics::tests::test_basic_ballistics has been running for over 60 seconds
test ballistics::tests::test_subsonic_compressibility has been running for over 60 seconds
test ballistics::tests::test_subsonic_compressibility ... ok
